// Jest Snapshot v1, https://goo.gl/fbAQLP

exports[`EslintMerger should merge mock eslint config 1`] = `
Object {
  "env": Object {
    "commonjs": true,
    "es2021": false,
    "node": true,
  },
  "extends": Array [
    "../../.eslintrc.json",
    "rule-b-extends",
  ],
  "ignorePatterns": Array [
    "!**/*",
  ],
  "overrides": Array [
    Object {
      "files": Array [
        "*.ts",
        "*.tsx",
        "*.js",
        "*.jsx",
      ],
      "plugins": Array [
        "rule-a-plugin",
        "rule-b-plugin",
      ],
      "rules": Object {
        "rule-a": "replaced-by-b",
        "rule-a-2": "origin",
        "rule-b": "origin",
      },
    },
    Object {
      "files": Array [
        "*.ts",
        "*.tsx",
      ],
      "plugins": Array [
        "rule-b-ts-plugin",
      ],
      "rules": Object {
        "rule-b-ts": "origin",
      },
    },
  ],
}
`;

exports[`EslintMerger should merge real eslint config 1`] = `
Object {
  "env": Object {
    "es2021": true,
  },
  "extends": Array [],
  "overrides": Array [
    Object {
      "extends": Array [
        "plugin:import/typescript",
        "plugin:@typescript-eslint/all",
      ],
      "files": Array [
        "*.ts",
        "*.tsx",
      ],
      "parserOptions": Object {
        "createDefaultProgram": true,
        "project": Array [
          "tsconfig.json",
        ],
      },
      "rules": Object {
        "@typescript-eslint/array-type": Array [
          "error",
          Object {
            "default": "array",
          },
        ],
        "@typescript-eslint/consistent-type-definitions": "error",
        "@typescript-eslint/dot-notation": "off",
        "@typescript-eslint/explicit-member-accessibility": Array [
          "off",
          Object {
            "accessibility": "explicit",
          },
        ],
        "@typescript-eslint/indent": Array [
          "error",
          2,
        ],
        "@typescript-eslint/lines-between-class-members": Array [
          "error",
          "always",
          Object {
            "exceptAfterSingleLine": true,
          },
        ],
        "@typescript-eslint/member-delimiter-style": Array [
          "error",
          Object {
            "multiline": Object {
              "delimiter": "semi",
              "requireLast": true,
            },
            "singleline": Object {
              "delimiter": "semi",
              "requireLast": false,
            },
          },
        ],
        "@typescript-eslint/member-ordering": "error",
        "@typescript-eslint/naming-convention": Array [
          "error",
          Object {
            "custom": Object {
              "match": false,
              "regex": "^I[A-Z]",
            },
            "format": Array [
              "PascalCase",
            ],
            "selector": "interface",
          },
          Object {
            "format": Array [
              "strictCamelCase",
              "snake_case",
              "UPPER_CASE",
            ],
            "selector": "property",
          },
        ],
        "@typescript-eslint/no-duplicate-imports": Array [
          "error",
        ],
        "@typescript-eslint/no-empty-function": "off",
        "@typescript-eslint/no-empty-interface": "error",
        "@typescript-eslint/no-misused-new": "error",
        "@typescript-eslint/no-non-null-assertion": "error",
        "@typescript-eslint/no-shadow": "error",
        "@typescript-eslint/no-type-alias": "off",
        "@typescript-eslint/no-unused-expressions": "error",
        "@typescript-eslint/no-use-before-define": "error",
        "@typescript-eslint/prefer-function-type": "error",
        "@typescript-eslint/prefer-readonly-parameter-types": "off",
        "@typescript-eslint/quotes": Array [
          "error",
          "single",
        ],
        "@typescript-eslint/semi": Array [
          "error",
          "always",
        ],
        "@typescript-eslint/strict-boolean-expressions": "off",
        "@typescript-eslint/type-annotation-spacing": "error",
        "@typescript-eslint/unified-signatures": "error",
        "indent": "off",
        "indent-legacy": "off",
        "no-duplicate-imports": "off",
        "no-shadow": "off",
      },
    },
  ],
  "root": true,
  "settings": Object {
    "import/resolver": Object {
      "node": Object {
        "extensions": Array [
          ".js",
          ".jsx",
          ".ts",
          ".tsx",
        ],
      },
      "typescript": Object {},
    },
  },
}
`;
